../Core/Src/main.c:125:5:main	8	static
../Core/Src/main.c:238:6:SystemClock_Config	88	static
../Core/Src/main.c:286:13:MX_I2C1_Init	8	static
../Core/Src/main.c:320:13:MX_USART2_UART_Init	8	static
../Core/Src/main.c:353:13:MX_GPIO_Init	48	static
../Core/Src/main.c:428:6:StartOLEDTask	16	static
../Core/Src/main.c:474:6:StartKeypadTask	24	static
../Core/Src/main.c:506:6:StartLEDTask	16	static
../Core/Src/main.c:533:6:StartBuzzerTask	16	static
../Core/Src/main.c:564:6:StartSensorTask	16	static
../Core/Src/main.c:589:6:HAL_TIM_PeriodElapsedCallback	16	static
../Core/Src/main.c:606:6:Error_Handler	4	static,ignoring_inline_asm
